C:\Users\anujm\.gemini\antigravity\scratch\ClientDocumentPortal\ClientDocumentPortal.Infrastructure\Data\ApplicationDbContextFactory.cs(18,41): error CS0535: 'ApplicationDbContextFactory.DummyTenantProvider' does not implement interface member 'ITenantProvider.GetTenantIdBySlugAsync(string)' [C:\Users\anujm\.gemini\antigravity\scratch\ClientDocumentPortal\ClientDocumentPortal.Infrastructure\ClientDocumentPortal.Infrastructure.csproj]
C:\Users\anujm\.gemini\antigravity\scratch\ClientDocumentPortal\ClientDocumentPortal.Infrastructure\Data\ApplicationDbContextFactory.cs(18,41): error CS0535: 'ApplicationDbContextFactory.DummyTenantProvider' does not implement interface member 'ITenantProvider.GetCurrentTenantSlug()' [C:\Users\anujm\.gemini\antigravity\scratch\ClientDocumentPortal\ClientDocumentPortal.Infrastructure\ClientDocumentPortal.Infrastructure.csproj]
C:\Users\anujm\.gemini\antigravity\scratch\ClientDocumentPortal\ClientDocumentPortal.Infrastructure\Services\TenantProvider.cs(5,31): error CS0535: 'TenantProvider' does not implement interface member 'ITenantProvider.GetTenantIdBySlugAsync(string)' [C:\Users\anujm\.gemini\antigravity\scratch\ClientDocumentPortal\ClientDocumentPortal.Infrastructure\ClientDocumentPortal.Infrastructure.csproj]
C:\Users\anujm\.gemini\antigravity\scratch\ClientDocumentPortal\ClientDocumentPortal.Infrastructure\Services\TenantProvider.cs(5,31): error CS0535: 'TenantProvider' does not implement interface member 'ITenantProvider.GetCurrentTenantSlug()' [C:\Users\anujm\.gemini\antigravity\scratch\ClientDocumentPortal\ClientDocumentPortal.Infrastructure\ClientDocumentPortal.Infrastructure.csproj]

Build FAILED.
    0 Warning(s)
    4 Error(s)

Time Elapsed 00:00:01.83

Workload updates are available. Run `dotnet workload list` for more information.
